// Jest Snapshot v1, https://goo.gl/fbAQLP

exports[`[render content \`statistic / ChartsContractsExpenses\`] 1`] = `
<DocumentFragment>
  <section
    class="container__contract-expense"
  >
    <h2
      class="container__contract-expense--title"
    >
      Top 10 contratos en gastos:
    </h2>
    <div
      class="container__contract-expense--expenses-wrap"
    >
      <div
        class="recharts-responsive-container"
        style="width: 100%; height: 100%;"
      />
    </div>
    <div
      class="container__contract-expense--wrap"
    />
  </section>
</DocumentFragment>
`;
