// Jest Snapshot v1, https://goo.gl/fbAQLP

exports[`[render content \`statistic / Statistic\`] 1`] = `
<DocumentFragment>
  <main
    class="container-statistic"
  >
    <section
      class="filter-category"
    >
      <h2
        class="filter-category--title"
      >
        Filtrar:
      </h2>
      <div
        class="filter-category__forms"
      >
        <form
          class="filter-category__forms--filter-category"
          for="filter-category"
        >
          <label>
            Categoria:
          </label>
          <select
            class="filter-category__forms--filter-category--select-category"
          >
            <option
              value="Categoría"
            >
              Categoría
            </option>
            <option
              value="seguridad"
            >
              Seguridad
            </option>
            <option
              value="salud"
            >
              Salud
            </option>
            <option
              value="energia"
            >
              Energía
            </option>
            <option
              value="economia"
            >
              Economía
            </option>
            <option
              value="gobernacion"
            >
              Gobernación
            </option>
            <option
              value="medio_ambiente"
            >
              Medio Ambiente
            </option>
            <option
              value="educacion"
            >
              Educación
            </option>
            <option
              value="comunicacion_transporte"
            >
              Comunicación y Transporte
            </option>
            <option
              value="social"
            >
              Social
            </option>
            <option
              value="investigacion"
            >
              Investigación
            </option>
            <option
              value="trabajo"
            >
              Trabajo
            </option>
          </select>
        </form>
        <p>
          Y
        </p>
        <form
          class="filter-category__forms--filter-year"
          for="filter-year"
        >
          <label>
            Año:
          </label>
          <select
            class="filter-category__forms--filter-year--select-year"
          >
            <option
              value="Año"
            >
              Año
            </option>
            <option
              value="2015"
            >
              2015
            </option>
            <option
              value="2016"
            >
              2016
            </option>
            <option
              value="2017"
            >
              2017
            </option>
            <option
              value="2018"
            >
              2018
            </option>
          </select>
        </form>
      </div>
    </section>
    <p
      class="container-statistic--no-filter"
    >
      Filtra por categoria y año para obtener datos 
    </p>
  </main>
</DocumentFragment>
`;
