// Jest Snapshot v1, https://goo.gl/fbAQLP

exports[`[render content \`statistic / ContractPerMonth\`] 1`] = `
<DocumentFragment>
  <section
    class="container__contract-month"
  >
    <h2
      class="container__contract-month--title"
    >
      Contratos por Mes:
    </h2>
    <div
      class="container__contract-month--chart-wrap"
    >
      <div
        aspect="2"
        width="100%"
      >
        <div
          class="recharts-wrapper"
          style="position: relative; cursor: default; width: 400px; height: 260px;"
        >
          <svg
            class="recharts-surface"
            height="260"
            version="1.1"
            viewBox="0 0 400 260"
            width="400"
          >
            <defs>
              <clippath
                id="recharts1-clip"
              >
                <rect
                  height="220"
                  width="330"
                  x="70"
                  y="5"
                />
              </clippath>
            </defs>
            <g
              class="recharts-cartesian-grid"
            >
              <g
                class="recharts-cartesian-grid-horizontal"
              >
                <line
                  fill="none"
                  height="220"
                  offset="[object Object]"
                  stroke="#243240"
                  stroke-dasharray="3 3"
                  width="330"
                  x="70"
                  x1="70"
                  x2="400"
                  y="5"
                  y1="225"
                  y2="225"
                />
                <line
                  fill="none"
                  height="220"
                  offset="[object Object]"
                  stroke="#243240"
                  stroke-dasharray="3 3"
                  width="330"
                  x="70"
                  x1="70"
                  x2="400"
                  y="5"
                  y1="170"
                  y2="170"
                />
                <line
                  fill="none"
                  height="220"
                  offset="[object Object]"
                  stroke="#243240"
                  stroke-dasharray="3 3"
                  width="330"
                  x="70"
                  x1="70"
                  x2="400"
                  y="5"
                  y1="115"
                  y2="115"
                />
                <line
                  fill="none"
                  height="220"
                  offset="[object Object]"
                  stroke="#243240"
                  stroke-dasharray="3 3"
                  width="330"
                  x="70"
                  x1="70"
                  x2="400"
                  y="5"
                  y1="60"
                  y2="60"
                />
                <line
                  fill="none"
                  height="220"
                  offset="[object Object]"
                  stroke="#243240"
                  stroke-dasharray="3 3"
                  width="330"
                  x="70"
                  x1="70"
                  x2="400"
                  y="5"
                  y1="5"
                  y2="5"
                />
              </g>
              <g
                class="recharts-cartesian-grid-vertical"
              >
                <line
                  fill="none"
                  height="220"
                  offset="[object Object]"
                  stroke="#243240"
                  stroke-dasharray="3 3"
                  width="330"
                  x="70"
                  x1="70"
                  x2="70"
                  y="5"
                  y1="5"
                  y2="225"
                />
                <line
                  fill="none"
                  height="220"
                  offset="[object Object]"
                  stroke="#243240"
                  stroke-dasharray="3 3"
                  width="330"
                  x="70"
                  x1="100"
                  x2="100"
                  y="5"
                  y1="5"
                  y2="225"
                />
                <line
                  fill="none"
                  height="220"
                  offset="[object Object]"
                  stroke="#243240"
                  stroke-dasharray="3 3"
                  width="330"
                  x="70"
                  x1="130"
                  x2="130"
                  y="5"
                  y1="5"
                  y2="225"
                />
                <line
                  fill="none"
                  height="220"
                  offset="[object Object]"
                  stroke="#243240"
                  stroke-dasharray="3 3"
                  width="330"
                  x="70"
                  x1="160"
                  x2="160"
                  y="5"
                  y1="5"
                  y2="225"
                />
                <line
                  fill="none"
                  height="220"
                  offset="[object Object]"
                  stroke="#243240"
                  stroke-dasharray="3 3"
                  width="330"
                  x="70"
                  x1="190"
                  x2="190"
                  y="5"
                  y1="5"
                  y2="225"
                />
                <line
                  fill="none"
                  height="220"
                  offset="[object Object]"
                  stroke="#243240"
                  stroke-dasharray="3 3"
                  width="330"
                  x="70"
                  x1="220"
                  x2="220"
                  y="5"
                  y1="5"
                  y2="225"
                />
                <line
                  fill="none"
                  height="220"
                  offset="[object Object]"
                  stroke="#243240"
                  stroke-dasharray="3 3"
                  width="330"
                  x="70"
                  x1="250"
                  x2="250"
                  y="5"
                  y1="5"
                  y2="225"
                />
                <line
                  fill="none"
                  height="220"
                  offset="[object Object]"
                  stroke="#243240"
                  stroke-dasharray="3 3"
                  width="330"
                  x="70"
                  x1="280"
                  x2="280"
                  y="5"
                  y1="5"
                  y2="225"
                />
                <line
                  fill="none"
                  height="220"
                  offset="[object Object]"
                  stroke="#243240"
                  stroke-dasharray="3 3"
                  width="330"
                  x="70"
                  x1="310"
                  x2="310"
                  y="5"
                  y1="5"
                  y2="225"
                />
                <line
                  fill="none"
                  height="220"
                  offset="[object Object]"
                  stroke="#243240"
                  stroke-dasharray="3 3"
                  width="330"
                  x="70"
                  x1="340"
                  x2="340"
                  y="5"
                  y1="5"
                  y2="225"
                />
                <line
                  fill="none"
                  height="220"
                  offset="[object Object]"
                  stroke="#243240"
                  stroke-dasharray="3 3"
                  width="330"
                  x="70"
                  x1="370"
                  x2="370"
                  y="5"
                  y1="5"
                  y2="225"
                />
                <line
                  fill="none"
                  height="220"
                  offset="[object Object]"
                  stroke="#243240"
                  stroke-dasharray="3 3"
                  width="330"
                  x="70"
                  x1="400"
                  x2="400"
                  y="5"
                  y1="5"
                  y2="225"
                />
              </g>
            </g>
            <g
              class="recharts-layer recharts-cartesian-axis recharts-xAxis xAxis"
            >
              <line
                class="recharts-cartesian-axis-line"
                fill="none"
                height="30"
                orientation="bottom"
                stroke="#666"
                type="category"
                width="330"
                x="70"
                x1="70"
                x2="400"
                y="225"
                y1="225"
                y2="225"
              />
              <g
                class="recharts-cartesian-axis-ticks"
              >
                <g
                  class="recharts-layer recharts-cartesian-axis-tick"
                >
                  <line
                    class="recharts-cartesian-axis-tick-line"
                    fill="none"
                    height="30"
                    orientation="bottom"
                    stroke="#666"
                    type="category"
                    width="330"
                    x="70"
                    x1="70"
                    x2="70"
                    y="225"
                    y1="231"
                    y2="225"
                  />
                  <text
                    class="recharts-text recharts-cartesian-axis-tick-value"
                    fill="#000"
                    height="30"
                    orientation="bottom"
                    stroke="none"
                    text-anchor="middle"
                    type="category"
                    width="330"
                    x="70"
                    y="233"
                  >
                    <tspan
                      dy="0.71em"
                      x="70"
                    >
                      Ene.
                    </tspan>
                  </text>
                </g>
                <g
                  class="recharts-layer recharts-cartesian-axis-tick"
                >
                  <line
                    class="recharts-cartesian-axis-tick-line"
                    fill="none"
                    height="30"
                    orientation="bottom"
                    stroke="#666"
                    type="category"
                    width="330"
                    x="70"
                    x1="100"
                    x2="100"
                    y="225"
                    y1="231"
                    y2="225"
                  />
                  <text
                    class="recharts-text recharts-cartesian-axis-tick-value"
                    fill="#000"
                    height="30"
                    orientation="bottom"
                    stroke="none"
                    text-anchor="middle"
                    type="category"
                    width="330"
                    x="100"
                    y="233"
                  >
                    <tspan
                      dy="0.71em"
                      x="100"
                    >
                      Feb.
                    </tspan>
                  </text>
                </g>
                <g
                  class="recharts-layer recharts-cartesian-axis-tick"
                >
                  <line
                    class="recharts-cartesian-axis-tick-line"
                    fill="none"
                    height="30"
                    orientation="bottom"
                    stroke="#666"
                    type="category"
                    width="330"
                    x="70"
                    x1="130"
                    x2="130"
                    y="225"
                    y1="231"
                    y2="225"
                  />
                  <text
                    class="recharts-text recharts-cartesian-axis-tick-value"
                    fill="#000"
                    height="30"
                    orientation="bottom"
                    stroke="none"
                    text-anchor="middle"
                    type="category"
                    width="330"
                    x="130"
                    y="233"
                  >
                    <tspan
                      dy="0.71em"
                      x="130"
                    >
                      Marzo
                    </tspan>
                  </text>
                </g>
                <g
                  class="recharts-layer recharts-cartesian-axis-tick"
                >
                  <line
                    class="recharts-cartesian-axis-tick-line"
                    fill="none"
                    height="30"
                    orientation="bottom"
                    stroke="#666"
                    type="category"
                    width="330"
                    x="70"
                    x1="160"
                    x2="160"
                    y="225"
                    y1="231"
                    y2="225"
                  />
                  <text
                    class="recharts-text recharts-cartesian-axis-tick-value"
                    fill="#000"
                    height="30"
                    orientation="bottom"
                    stroke="none"
                    text-anchor="middle"
                    type="category"
                    width="330"
                    x="160"
                    y="233"
                  >
                    <tspan
                      dy="0.71em"
                      x="160"
                    >
                      Abr.
                    </tspan>
                  </text>
                </g>
                <g
                  class="recharts-layer recharts-cartesian-axis-tick"
                >
                  <line
                    class="recharts-cartesian-axis-tick-line"
                    fill="none"
                    height="30"
                    orientation="bottom"
                    stroke="#666"
                    type="category"
                    width="330"
                    x="70"
                    x1="190"
                    x2="190"
                    y="225"
                    y1="231"
                    y2="225"
                  />
                  <text
                    class="recharts-text recharts-cartesian-axis-tick-value"
                    fill="#000"
                    height="30"
                    orientation="bottom"
                    stroke="none"
                    text-anchor="middle"
                    type="category"
                    width="330"
                    x="190"
                    y="233"
                  >
                    <tspan
                      dy="0.71em"
                      x="190"
                    >
                      May.
                    </tspan>
                  </text>
                </g>
                <g
                  class="recharts-layer recharts-cartesian-axis-tick"
                >
                  <line
                    class="recharts-cartesian-axis-tick-line"
                    fill="none"
                    height="30"
                    orientation="bottom"
                    stroke="#666"
                    type="category"
                    width="330"
                    x="70"
                    x1="220"
                    x2="220"
                    y="225"
                    y1="231"
                    y2="225"
                  />
                  <text
                    class="recharts-text recharts-cartesian-axis-tick-value"
                    fill="#000"
                    height="30"
                    orientation="bottom"
                    stroke="none"
                    text-anchor="middle"
                    type="category"
                    width="330"
                    x="220"
                    y="233"
                  >
                    <tspan
                      dy="0.71em"
                      x="220"
                    >
                      Jun
                    </tspan>
                  </text>
                </g>
                <g
                  class="recharts-layer recharts-cartesian-axis-tick"
                >
                  <line
                    class="recharts-cartesian-axis-tick-line"
                    fill="none"
                    height="30"
                    orientation="bottom"
                    stroke="#666"
                    type="category"
                    width="330"
                    x="70"
                    x1="250"
                    x2="250"
                    y="225"
                    y1="231"
                    y2="225"
                  />
                  <text
                    class="recharts-text recharts-cartesian-axis-tick-value"
                    fill="#000"
                    height="30"
                    orientation="bottom"
                    stroke="none"
                    text-anchor="middle"
                    type="category"
                    width="330"
                    x="250"
                    y="233"
                  >
                    <tspan
                      dy="0.71em"
                      x="250"
                    >
                      Jul.
                    </tspan>
                  </text>
                </g>
                <g
                  class="recharts-layer recharts-cartesian-axis-tick"
                >
                  <line
                    class="recharts-cartesian-axis-tick-line"
                    fill="none"
                    height="30"
                    orientation="bottom"
                    stroke="#666"
                    type="category"
                    width="330"
                    x="70"
                    x1="280"
                    x2="280"
                    y="225"
                    y1="231"
                    y2="225"
                  />
                  <text
                    class="recharts-text recharts-cartesian-axis-tick-value"
                    fill="#000"
                    height="30"
                    orientation="bottom"
                    stroke="none"
                    text-anchor="middle"
                    type="category"
                    width="330"
                    x="280"
                    y="233"
                  >
                    <tspan
                      dy="0.71em"
                      x="280"
                    >
                      Agos.
                    </tspan>
                  </text>
                </g>
                <g
                  class="recharts-layer recharts-cartesian-axis-tick"
                >
                  <line
                    class="recharts-cartesian-axis-tick-line"
                    fill="none"
                    height="30"
                    orientation="bottom"
                    stroke="#666"
                    type="category"
                    width="330"
                    x="70"
                    x1="310"
                    x2="310"
                    y="225"
                    y1="231"
                    y2="225"
                  />
                  <text
                    class="recharts-text recharts-cartesian-axis-tick-value"
                    fill="#000"
                    height="30"
                    orientation="bottom"
                    stroke="none"
                    text-anchor="middle"
                    type="category"
                    width="330"
                    x="310"
                    y="233"
                  >
                    <tspan
                      dy="0.71em"
                      x="310"
                    >
                      Sep.
                    </tspan>
                  </text>
                </g>
                <g
                  class="recharts-layer recharts-cartesian-axis-tick"
                >
                  <line
                    class="recharts-cartesian-axis-tick-line"
                    fill="none"
                    height="30"
                    orientation="bottom"
                    stroke="#666"
                    type="category"
                    width="330"
                    x="70"
                    x1="340"
                    x2="340"
                    y="225"
                    y1="231"
                    y2="225"
                  />
                  <text
                    class="recharts-text recharts-cartesian-axis-tick-value"
                    fill="#000"
                    height="30"
                    orientation="bottom"
                    stroke="none"
                    text-anchor="middle"
                    type="category"
                    width="330"
                    x="340"
                    y="233"
                  >
                    <tspan
                      dy="0.71em"
                      x="340"
                    >
                      Oct.
                    </tspan>
                  </text>
                </g>
                <g
                  class="recharts-layer recharts-cartesian-axis-tick"
                >
                  <line
                    class="recharts-cartesian-axis-tick-line"
                    fill="none"
                    height="30"
                    orientation="bottom"
                    stroke="#666"
                    type="category"
                    width="330"
                    x="70"
                    x1="370"
                    x2="370"
                    y="225"
                    y1="231"
                    y2="225"
                  />
                  <text
                    class="recharts-text recharts-cartesian-axis-tick-value"
                    fill="#000"
                    height="30"
                    orientation="bottom"
                    stroke="none"
                    text-anchor="middle"
                    type="category"
                    width="330"
                    x="370"
                    y="233"
                  >
                    <tspan
                      dy="0.71em"
                      x="370"
                    >
                      Nov.
                    </tspan>
                  </text>
                </g>
                <g
                  class="recharts-layer recharts-cartesian-axis-tick"
                >
                  <line
                    class="recharts-cartesian-axis-tick-line"
                    fill="none"
                    height="30"
                    orientation="bottom"
                    stroke="#666"
                    type="category"
                    width="330"
                    x="70"
                    x1="400"
                    x2="400"
                    y="225"
                    y1="231"
                    y2="225"
                  />
                  <text
                    class="recharts-text recharts-cartesian-axis-tick-value"
                    fill="#000"
                    height="30"
                    orientation="bottom"
                    stroke="none"
                    text-anchor="middle"
                    type="category"
                    width="330"
                    x="400"
                    y="233"
                  >
                    <tspan
                      dy="0.71em"
                      x="400"
                    >
                      Dic.
                    </tspan>
                  </text>
                </g>
              </g>
            </g>
            <g
              class="recharts-layer recharts-cartesian-axis recharts-yAxis yAxis"
            >
              <line
                class="recharts-cartesian-axis-line"
                fill="none"
                height="220"
                orientation="left"
                stroke="#666"
                type="number"
                width="60"
                x="10"
                x1="70"
                x2="70"
                y="5"
                y1="5"
                y2="225"
              />
              <g
                class="recharts-cartesian-axis-ticks"
              >
                <g
                  class="recharts-layer recharts-cartesian-axis-tick"
                >
                  <line
                    class="recharts-cartesian-axis-tick-line"
                    fill="none"
                    height="220"
                    orientation="left"
                    stroke="#666"
                    type="number"
                    width="60"
                    x="10"
                    x1="64"
                    x2="70"
                    y="5"
                    y1="225"
                    y2="225"
                  />
                  <text
                    class="recharts-text recharts-cartesian-axis-tick-value"
                    fill="#000"
                    height="220"
                    orientation="left"
                    stroke="none"
                    text-anchor="end"
                    type="number"
                    width="60"
                    x="62"
                    y="225"
                  >
                    <tspan
                      dy="0.355em"
                      x="62"
                    >
                      0
                    </tspan>
                  </text>
                </g>
                <g
                  class="recharts-layer recharts-cartesian-axis-tick"
                >
                  <line
                    class="recharts-cartesian-axis-tick-line"
                    fill="none"
                    height="220"
                    orientation="left"
                    stroke="#666"
                    type="number"
                    width="60"
                    x="10"
                    x1="64"
                    x2="70"
                    y="5"
                    y1="170"
                    y2="170"
                  />
                  <text
                    class="recharts-text recharts-cartesian-axis-tick-value"
                    fill="#000"
                    height="220"
                    orientation="left"
                    stroke="none"
                    text-anchor="end"
                    type="number"
                    width="60"
                    x="62"
                    y="170"
                  >
                    <tspan
                      dy="0.355em"
                      x="62"
                    >
                      1
                    </tspan>
                  </text>
                </g>
                <g
                  class="recharts-layer recharts-cartesian-axis-tick"
                >
                  <line
                    class="recharts-cartesian-axis-tick-line"
                    fill="none"
                    height="220"
                    orientation="left"
                    stroke="#666"
                    type="number"
                    width="60"
                    x="10"
                    x1="64"
                    x2="70"
                    y="5"
                    y1="115"
                    y2="115"
                  />
                  <text
                    class="recharts-text recharts-cartesian-axis-tick-value"
                    fill="#000"
                    height="220"
                    orientation="left"
                    stroke="none"
                    text-anchor="end"
                    type="number"
                    width="60"
                    x="62"
                    y="115"
                  >
                    <tspan
                      dy="0.355em"
                      x="62"
                    >
                      2
                    </tspan>
                  </text>
                </g>
                <g
                  class="recharts-layer recharts-cartesian-axis-tick"
                >
                  <line
                    class="recharts-cartesian-axis-tick-line"
                    fill="none"
                    height="220"
                    orientation="left"
                    stroke="#666"
                    type="number"
                    width="60"
                    x="10"
                    x1="64"
                    x2="70"
                    y="5"
                    y1="60"
                    y2="60"
                  />
                  <text
                    class="recharts-text recharts-cartesian-axis-tick-value"
                    fill="#000"
                    height="220"
                    orientation="left"
                    stroke="none"
                    text-anchor="end"
                    type="number"
                    width="60"
                    x="62"
                    y="60"
                  >
                    <tspan
                      dy="0.355em"
                      x="62"
                    >
                      3
                    </tspan>
                  </text>
                </g>
                <g
                  class="recharts-layer recharts-cartesian-axis-tick"
                >
                  <line
                    class="recharts-cartesian-axis-tick-line"
                    fill="none"
                    height="220"
                    orientation="left"
                    stroke="#666"
                    type="number"
                    width="60"
                    x="10"
                    x1="64"
                    x2="70"
                    y="5"
                    y1="5"
                    y2="5"
                  />
                  <text
                    class="recharts-text recharts-cartesian-axis-tick-value"
                    fill="#000"
                    height="220"
                    orientation="left"
                    stroke="none"
                    text-anchor="end"
                    type="number"
                    width="60"
                    x="62"
                    y="5"
                  >
                    <tspan
                      dy="0.355em"
                      x="62"
                    >
                      4
                    </tspan>
                  </text>
                </g>
              </g>
            </g>
            <g
              class="recharts-layer recharts-line"
            >
              <path
                class="recharts-curve recharts-line-curve"
                d="M70,225C80,225,90,225,100,225C110,225,120,225,130,225C140,225,150,225,160,225C170,225,180,225,190,225C200,225,210,225,220,225C230,225,240,225,250,225C260,225,270,225,280,225C290,225,300,225,310,225C320,225,330,225,340,225C350,225,360,225,370,225C380,225,390,225,400,225"
                fill="none"
                height="220"
                points="[object Object],[object Object],[object Object],[object Object],[object Object],[object Object],[object Object],[object Object],[object Object],[object Object],[object Object],[object Object]"
                stroke="#fdac41"
                stroke-dasharray="0px 0px"
                stroke-width="3"
                type="monotone"
                width="330"
              />
            </g>
          </svg>
          <div
            class="recharts-tooltip-wrapper"
            style="transform: translate(undefinedpx, undefinedpx); pointer-events: none; visibility: hidden; position: absolute; top: 0px; left: 0px;"
          >
            <div
              class="recharts-default-tooltip"
              style="margin: 0px; padding: 10px; background-color: rgb(255, 255, 255); border: 1px solid #ccc; white-space: nowrap; color: rgb(0, 0, 0);"
            >
              <p
                class="recharts-tooltip-label"
                style="margin: 0px;"
              />
            </div>
          </div>
        </div>
      </div>
    </div>
  </section>
</DocumentFragment>
`;
